---
source: src/core/estimator_tests.rs
expression: estimate
---
{
  "recommended_gpu_layers": 60,
  "estimated_vram_bytes": 19103800360,
  "estimated_ram_bytes": 268435456,
  "kv_cache_bytes": 503316480,
  "fits_fully": true,
  "confidence": "Heuristic",
  "notes": [
    "Conservative margin: 12%"
  ]
}
